// Jest Snapshot v1, https://goo.gl/fbAQLP

exports[`MainPage without apartments renders component correctly 1`] = `
<main
  className="page__main page__main--index"
>
  <h1
    className="visually-hidden"
  >
    Cities
  </h1>
  <div
    className="cities tabs"
  >
    <section
      className="locations container"
    >
      <ul
        className="locations__list tabs__list"
      >
        <li
          className="locations__item"
        >
          <a
            className="locations__item-link tabs__item tabs__item--active"
            href="#"
            onClick={[Function]}
          >
            <span>
              Amsterdam
            </span>
          </a>
        </li>
      </ul>
    </section>
  </div>
  <div
    className="cities__places-wrapper"
  >
    <div
      className="cities__places-container container"
    >
      <section
        className="cities__places places"
      >
        <h2
          className="visually-hidden"
        >
          Places
        </h2>
        <b
          className="places__found"
        >
          1
           places to stay in 
          Amsterdam
        </b>
        <form
          action="#"
          className="places__sorting"
          method="get"
        >
          <span
            className="places__sorting-caption"
          >
            Sort by 
          </span>
          <span
            className="places__sorting-type"
            onClick={[Function]}
            tabIndex="0"
          >
            Popular
            <svg
              className="places__sorting-arrow"
              height="4"
              width="7"
            >
              <use
                xlinkHref="#icon-arrow-select"
              />
            </svg>
          </span>
          <ul
            className="places__options places__options--custom"
          >
            <li
              className="places__option places__option--active"
              onClick={[Function]}
              tabIndex="0"
            >
              Popular
            </li>
            <li
              className="places__option "
              onClick={[Function]}
              tabIndex="1"
            >
              Price: low to high
            </li>
            <li
              className="places__option "
              onClick={[Function]}
              tabIndex="2"
            >
              Price: high to low
            </li>
            <li
              className="places__option "
              onClick={[Function]}
              tabIndex="3"
            >
              Top rated first
            </li>
          </ul>
        </form>
        <div
          className="cities__places-list places__list tabs__content"
        >
          <article
            className="cities__place-card place-card"
          >
            <div
              className="place-card__mark"
            >
              <span>
                Premium
              </span>
            </div>
            <div
              className="cities__image-wrapper place-card__image-wrapper"
            >
              <a
                href="#"
                onClick={[Function]}
              >
                <img
                  alt="Place image"
                  className="place-card__image"
                  height="200"
                  src="https://es31-server.appspot.com/six-cities/static/hotel/1.jpg"
                  width="260"
                />
              </a>
            </div>
            <div
              className="place-card__info"
            >
              <div
                className="place-card__price-wrapper"
              >
                <div
                  className="place-card__price"
                >
                  <b
                    className="place-card__price-value"
                  >
                    €
                    393
                  </b>
                  <span
                    className="place-card__price-text"
                  >
                    / night
                  </span>
                </div>
                <button
                  className="place-card__bookmark-button button"
                  onClick={[Function]}
                  type="button"
                >
                  <svg
                    className="place-card__bookmark-icon"
                    height="19"
                    width="18"
                  >
                    <use
                      xlinkHref="#icon-bookmark"
                    />
                  </svg>
                  <span
                    className="visually-hidden"
                  >
                    To bookmarks
                  </span>
                </button>
              </div>
              <div
                className="place-card__rating rating"
              >
                <div
                  className="place-card__stars rating__stars"
                >
                  <span
                    style={
                      Object {
                        "width": "60%",
                      }
                    }
                  />
                  <span
                    className="visually-hidden"
                  >
                    Rating
                  </span>
                </div>
              </div>
              <h2
                className="place-card__name"
              >
                <a
                  href="#"
                  onClick={[Function]}
                >
                  Waterfront with extraordinary view
                </a>
              </h2>
              <p
                className="place-card__type"
              >
                Hotel
              </p>
            </div>
          </article>
        </div>
      </section>
      <div
        className="cities__right-section"
      >
        <section
          className="cities__map map"
          id="map"
        />
      </div>
    </div>
  </div>
</main>
`;

exports[`MainPage without apartments renders component correctly 2`] = `
<main
  className="page__main page__main--index page__main--index-empty"
>
  <h1
    className="visually-hidden"
  >
    Cities
  </h1>
  <div
    className="cities tabs"
  >
    <section
      className="locations container"
    >
      <ul
        className="locations__list tabs__list"
      >
        <li
          className="locations__item"
        >
          <a
            className="locations__item-link tabs__item tabs__item--active"
            href="#"
            onClick={[Function]}
          >
            <span>
              Amsterdam
            </span>
          </a>
        </li>
      </ul>
    </section>
  </div>
  <div
    className="cities__places-wrapper"
  >
    <div
      className="cities__places-container cities__places-container--empty container"
    >
      <section
        className="cities__no-places"
      >
        <div
          className="cities__status-wrapper tabs__content"
        >
          <b
            className="cities__status"
          >
            No places to stay available
          </b>
          <p
            className="cities__status-description"
          >
            We could not find any property availbale at the moment in Dusseldorf
          </p>
        </div>
      </section>
      <div
        className="cities__right-section"
      />
    </div>
  </div>
</main>
`;
